[      28ms] [LOG] %c[Vercel Speed Insights]%c [vitals] color: rgb(120, 120, 120) color: inherit {speed: 4g, metrics: Array(2), scriptVersion: 0.1.3, sdkName: @vercel/speed-insights/next, sdkVersion: 2.0.0} /_vercel/speed-insights/vitals @ http://localhost:3000/_next/static/chunks/node_modules_next_dist_0nzbwyu._.js:1074
[    1531ms] [WARNING] Datadog Browser SDK: No storage available for session. We will not send any data. @ https://assets.calendly.com/assets/booking/js/booking-1beb1f699.js:92
[    3028ms] [LOG] Route changed: / @ http://localhost:3000/_next/static/chunks/node_modules_next_dist_0nzbwyu._.js:1074
[    3028ms] [LOG] Sending pageview: / @ http://localhost:3000/_next/static/chunks/node_modules_next_dist_0nzbwyu._.js:1074
[    3028ms] [LOG] GA4 loaded @ http://localhost:3000/_next/static/chunks/node_modules_next_dist_0nzbwyu._.js:1074
[    4804ms] [WARNING] Datadog Browser SDK: No storage available for session. We will not send any data. @ https://assets.calendly.com/assets/booking/js/booking-1beb1f699.js:92
[    7837ms] [WARNING] The resource http://localhost:3000/_next/static/chunks/src_components_calendly_CalendlyInlineEmbed_tsx_0bp3s9u._.js was preloaded using link preload but not used within a few seconds from the window's load event. Please make sure it has an appropriate `as` value and it is preloaded intentionally. @ http://localhost:3000/#contact:0
[   25280ms] [WARNING] The resource http://localhost:3000/_next/static/chunks/src_components_calendly_CalendlyInlineEmbed_tsx_0bp3s9u._.js was preloaded using link preload but not used within a few seconds from the window's load event. Please make sure it has an appropriate `as` value and it is preloaded intentionally. @ http://localhost:3000/#contact:0
[   30772ms] [WARNING] The resource http://localhost:3000/_next/static/chunks/src_components_calendly_CalendlyInlineEmbed_tsx_0bp3s9u._.js was preloaded using link preload but not used within a few seconds from the window's load event. Please make sure it has an appropriate `as` value and it is preloaded intentionally. @ http://localhost:3000/#contact:0
[   35707ms] [WARNING] The resource http://localhost:3000/_next/static/chunks/src_components_calendly_CalendlyInlineEmbed_tsx_0bp3s9u._.js was preloaded using link preload but not used within a few seconds from the window's load event. Please make sure it has an appropriate `as` value and it is preloaded intentionally. @ http://localhost:3000/#contact:0
[   41760ms] [WARNING] The resource http://localhost:3000/_next/static/chunks/src_components_calendly_CalendlyInlineEmbed_tsx_0bp3s9u._.js was preloaded using link preload but not used within a few seconds from the window's load event. Please make sure it has an appropriate `as` value and it is preloaded intentionally. @ http://localhost:3000/#contact:0
[   47255ms] [WARNING] The resource http://localhost:3000/_next/static/chunks/src_components_calendly_CalendlyInlineEmbed_tsx_0bp3s9u._.js was preloaded using link preload but not used within a few seconds from the window's load event. Please make sure it has an appropriate `as` value and it is preloaded intentionally. @ http://localhost:3000/#contact:0
[   47586ms] [LOG] [Fast Refresh] rebuilding @ http://localhost:3000/_next/static/chunks/node_modules_next_dist_0nzbwyu._.js:1074
[   48086ms] [LOG] [Fast Refresh] done in 624ms @ http://localhost:3000/_next/static/chunks/node_modules_next_dist_0nzbwyu._.js:1074
[   49073ms] [LOG] [Fast Refresh] rebuilding @ http://localhost:3000/_next/static/chunks/node_modules_next_dist_0nzbwyu._.js:1074
[   49427ms] [LOG] [Fast Refresh] done in 478ms @ http://localhost:3000/_next/static/chunks/node_modules_next_dist_0nzbwyu._.js:1074
[   52725ms] [WARNING] The resource http://localhost:3000/_next/static/chunks/src_components_calendly_CalendlyInlineEmbed_tsx_0bp3s9u._.js was preloaded using link preload but not used within a few seconds from the window's load event. Please make sure it has an appropriate `as` value and it is preloaded intentionally. @ http://localhost:3000/#contact:0
[   58236ms] [WARNING] The resource http://localhost:3000/_next/static/chunks/src_components_calendly_CalendlyInlineEmbed_tsx_0bp3s9u._.js was preloaded using link preload but not used within a few seconds from the window's load event. Please make sure it has an appropriate `as` value and it is preloaded intentionally. @ http://localhost:3000/#contact:0
[   63756ms] [WARNING] The resource http://localhost:3000/_next/static/chunks/src_components_calendly_CalendlyInlineEmbed_tsx_0bp3s9u._.js was preloaded using link preload but not used within a few seconds from the window's load event. Please make sure it has an appropriate `as` value and it is preloaded intentionally. @ http://localhost:3000/#contact:0
[   66426ms] [LOG] [Fast Refresh] rebuilding @ http://localhost:3000/_next/static/chunks/node_modules_next_dist_0nzbwyu._.js:1074
[   66823ms] [LOG] [Fast Refresh] done in 524ms @ http://localhost:3000/_next/static/chunks/node_modules_next_dist_0nzbwyu._.js:1074
[   68049ms] [LOG] [Fast Refresh] rebuilding @ http://localhost:3000/_next/static/chunks/node_modules_next_dist_0nzbwyu._.js:1074
[   68417ms] [LOG] [Fast Refresh] done in 492ms @ http://localhost:3000/_next/static/chunks/node_modules_next_dist_0nzbwyu._.js:1074
[   74744ms] [WARNING] The resource http://localhost:3000/_next/static/chunks/src_components_calendly_CalendlyInlineEmbed_tsx_0bp3s9u._.js was preloaded using link preload but not used within a few seconds from the window's load event. Please make sure it has an appropriate `as` value and it is preloaded intentionally. @ http://localhost:3000/#contact:0
[   78002ms] [LOG] [Fast Refresh] rebuilding @ http://localhost:3000/_next/static/chunks/node_modules_next_dist_0nzbwyu._.js:1074
[   78410ms] [LOG] [Fast Refresh] done in 531ms @ http://localhost:3000/_next/static/chunks/node_modules_next_dist_0nzbwyu._.js:1074
[   81421ms] [WARNING] The resource http://localhost:3000/_next/static/chunks/src_components_calendly_CalendlyInlineEmbed_tsx_0bp3s9u._.js was preloaded using link preload but not used within a few seconds from the window's load event. Please make sure it has an appropriate `as` value and it is preloaded intentionally. @ http://localhost:3000/#contact:0
[   83694ms] [LOG] [Fast Refresh] rebuilding @ http://localhost:3000/_next/static/chunks/node_modules_next_dist_0nzbwyu._.js:1074
[   84010ms] [LOG] [Fast Refresh] done in 466ms @ http://localhost:3000/_next/static/chunks/node_modules_next_dist_0nzbwyu._.js:1074
[   85744ms] [WARNING] The resource http://localhost:3000/_next/static/chunks/src_components_calendly_CalendlyInlineEmbed_tsx_0bp3s9u._.js was preloaded using link preload but not used within a few seconds from the window's load event. Please make sure it has an appropriate `as` value and it is preloaded intentionally. @ http://localhost:3000/#contact:0
[   91245ms] [WARNING] The resource http://localhost:3000/_next/static/chunks/src_components_calendly_CalendlyInlineEmbed_tsx_0bp3s9u._.js was preloaded using link preload but not used within a few seconds from the window's load event. Please make sure it has an appropriate `as` value and it is preloaded intentionally. @ http://localhost:3000/#contact:0
[   94388ms] [LOG] [Fast Refresh] rebuilding @ http://localhost:3000/_next/static/chunks/node_modules_next_dist_0nzbwyu._.js:1074
[   94667ms] [LOG] [Fast Refresh] done in 401ms @ http://localhost:3000/_next/static/chunks/node_modules_next_dist_0nzbwyu._.js:1074
[   96056ms] [LOG] [Fast Refresh] rebuilding @ http://localhost:3000/_next/static/chunks/node_modules_next_dist_0nzbwyu._.js:1074
[   96369ms] [LOG] [Fast Refresh] done in 433ms @ http://localhost:3000/_next/static/chunks/node_modules_next_dist_0nzbwyu._.js:1074
[   96739ms] [WARNING] The resource http://localhost:3000/_next/static/chunks/src_components_calendly_CalendlyInlineEmbed_tsx_0bp3s9u._.js was preloaded using link preload but not used within a few seconds from the window's load event. Please make sure it has an appropriate `as` value and it is preloaded intentionally. @ http://localhost:3000/#contact:0
[   99849ms] [LOG] [Fast Refresh] rebuilding @ http://localhost:3000/_next/static/chunks/node_modules_next_dist_0nzbwyu._.js:1074
[  100390ms] [LOG] [Fast Refresh] done in 668ms @ http://localhost:3000/_next/static/chunks/node_modules_next_dist_0nzbwyu._.js:1074
[  101509ms] [LOG] [Fast Refresh] rebuilding @ http://localhost:3000/_next/static/chunks/node_modules_next_dist_0nzbwyu._.js:1074
[  101894ms] [LOG] [Fast Refresh] done in 506ms @ http://localhost:3000/_next/static/chunks/node_modules_next_dist_0nzbwyu._.js:1074
[  107829ms] [WARNING] The resource http://localhost:3000/_next/static/chunks/src_components_calendly_CalendlyInlineEmbed_tsx_0bp3s9u._.js was preloaded using link preload but not used within a few seconds from the window's load event. Please make sure it has an appropriate `as` value and it is preloaded intentionally. @ http://localhost:3000/#contact:0
[  113437ms] [WARNING] The resource http://localhost:3000/_next/static/chunks/src_components_calendly_CalendlyInlineEmbed_tsx_0bp3s9u._.js was preloaded using link preload but not used within a few seconds from the window's load event. Please make sure it has an appropriate `as` value and it is preloaded intentionally. @ http://localhost:3000/#contact:0
[  113489ms] [LOG] [Fast Refresh] rebuilding @ http://localhost:3000/_next/static/chunks/node_modules_next_dist_0nzbwyu._.js:1074
[  113841ms] [LOG] [Fast Refresh] done in 466ms @ http://localhost:3000/_next/static/chunks/node_modules_next_dist_0nzbwyu._.js:1074
[  119048ms] [WARNING] The resource http://localhost:3000/_next/static/chunks/src_components_calendly_CalendlyInlineEmbed_tsx_0bp3s9u._.js was preloaded using link preload but not used within a few seconds from the window's load event. Please make sure it has an appropriate `as` value and it is preloaded intentionally. @ http://localhost:3000/#contact:0
[  124382ms] [LOG] [Fast Refresh] rebuilding @ http://localhost:3000/_next/static/chunks/node_modules_next_dist_0nzbwyu._.js:1074
[  124628ms] [WARNING] The resource http://localhost:3000/_next/static/chunks/src_components_calendly_CalendlyInlineEmbed_tsx_0bp3s9u._.js was preloaded using link preload but not used within a few seconds from the window's load event. Please make sure it has an appropriate `as` value and it is preloaded intentionally. @ http://localhost:3000/#contact:0
[  124694ms] [LOG] [Fast Refresh] done in 427ms @ http://localhost:3000/_next/static/chunks/node_modules_next_dist_0nzbwyu._.js:1074
[  130189ms] [WARNING] The resource http://localhost:3000/_next/static/chunks/src_components_calendly_CalendlyInlineEmbed_tsx_0bp3s9u._.js was preloaded using link preload but not used within a few seconds from the window's load event. Please make sure it has an appropriate `as` value and it is preloaded intentionally. @ http://localhost:3000/#contact:0
[  135771ms] [WARNING] The resource http://localhost:3000/_next/static/chunks/src_components_calendly_CalendlyInlineEmbed_tsx_0bp3s9u._.js was preloaded using link preload but not used within a few seconds from the window's load event. Please make sure it has an appropriate `as` value and it is preloaded intentionally. @ http://localhost:3000/#contact:0
[  138862ms] [LOG] [Fast Refresh] rebuilding @ http://localhost:3000/_next/static/chunks/node_modules_next_dist_0nzbwyu._.js:1074
[  139144ms] [LOG] [Fast Refresh] done in 400ms @ http://localhost:3000/_next/static/chunks/node_modules_next_dist_0nzbwyu._.js:1074
[  140430ms] [LOG] [Fast Refresh] rebuilding @ http://localhost:3000/_next/static/chunks/node_modules_next_dist_0nzbwyu._.js:1074
[  140740ms] [LOG] [Fast Refresh] done in 432ms @ http://localhost:3000/_next/static/chunks/node_modules_next_dist_0nzbwyu._.js:1074
[  141311ms] [WARNING] The resource http://localhost:3000/_next/static/chunks/src_components_calendly_CalendlyInlineEmbed_tsx_0bp3s9u._.js was preloaded using link preload but not used within a few seconds from the window's load event. Please make sure it has an appropriate `as` value and it is preloaded intentionally. @ http://localhost:3000/#contact:0
[  146907ms] [WARNING] The resource http://localhost:3000/_next/static/chunks/src_components_calendly_CalendlyInlineEmbed_tsx_0bp3s9u._.js was preloaded using link preload but not used within a few seconds from the window's load event. Please make sure it has an appropriate `as` value and it is preloaded intentionally. @ http://localhost:3000/#contact:0
[  152495ms] [WARNING] The resource http://localhost:3000/_next/static/chunks/src_components_calendly_CalendlyInlineEmbed_tsx_0bp3s9u._.js was preloaded using link preload but not used within a few seconds from the window's load event. Please make sure it has an appropriate `as` value and it is preloaded intentionally. @ http://localhost:3000/#contact:0
[  158045ms] [WARNING] The resource http://localhost:3000/_next/static/chunks/src_components_calendly_CalendlyInlineEmbed_tsx_0bp3s9u._.js was preloaded using link preload but not used within a few seconds from the window's load event. Please make sure it has an appropriate `as` value and it is preloaded intentionally. @ http://localhost:3000/#contact:0
[  162078ms] [LOG] [Fast Refresh] rebuilding @ http://localhost:3000/_next/static/chunks/node_modules_next_dist_0nzbwyu._.js:1074
[  162896ms] [LOG] [Fast Refresh] done in 885ms @ http://localhost:3000/_next/static/chunks/node_modules_next_dist_0nzbwyu._.js:1074
[  169115ms] [WARNING] The resource http://localhost:3000/_next/static/chunks/src_components_calendly_CalendlyInlineEmbed_tsx_0bp3s9u._.js was preloaded using link preload but not used within a few seconds from the window's load event. Please make sure it has an appropriate `as` value and it is preloaded intentionally. @ http://localhost:3000/#contact:0
[  174676ms] [WARNING] The resource http://localhost:3000/_next/static/chunks/src_components_calendly_CalendlyInlineEmbed_tsx_0bp3s9u._.js was preloaded using link preload but not used within a few seconds from the window's load event. Please make sure it has an appropriate `as` value and it is preloaded intentionally. @ http://localhost:3000/#contact:0
[  180217ms] [WARNING] The resource http://localhost:3000/_next/static/chunks/src_components_calendly_CalendlyInlineEmbed_tsx_0bp3s9u._.js was preloaded using link preload but not used within a few seconds from the window's load event. Please make sure it has an appropriate `as` value and it is preloaded intentionally. @ http://localhost:3000/#contact:0
[  185751ms] [WARNING] The resource http://localhost:3000/_next/static/chunks/src_components_calendly_CalendlyInlineEmbed_tsx_0bp3s9u._.js was preloaded using link preload but not used within a few seconds from the window's load event. Please make sure it has an appropriate `as` value and it is preloaded intentionally. @ http://localhost:3000/#contact:0
[  187567ms] [LOG] [Fast Refresh] rebuilding @ http://localhost:3000/_next/static/chunks/node_modules_next_dist_0nzbwyu._.js:1074
[  187894ms] [LOG] [Fast Refresh] done in 442ms @ http://localhost:3000/_next/static/chunks/node_modules_next_dist_0nzbwyu._.js:1074
[  191319ms] [WARNING] The resource http://localhost:3000/_next/static/chunks/src_components_calendly_CalendlyInlineEmbed_tsx_0bp3s9u._.js was preloaded using link preload but not used within a few seconds from the window's load event. Please make sure it has an appropriate `as` value and it is preloaded intentionally. @ http://localhost:3000/#contact:0
[  196856ms] [WARNING] The resource http://localhost:3000/_next/static/chunks/src_components_calendly_CalendlyInlineEmbed_tsx_0bp3s9u._.js was preloaded using link preload but not used within a few seconds from the window's load event. Please make sure it has an appropriate `as` value and it is preloaded intentionally. @ http://localhost:3000/#contact:0
[  201933ms] [LOG] [Fast Refresh] rebuilding @ http://localhost:3000/_next/static/chunks/node_modules_next_dist_0nzbwyu._.js:1074
[  202233ms] [LOG] [Fast Refresh] done in 423ms @ http://localhost:3000/_next/static/chunks/node_modules_next_dist_0nzbwyu._.js:1074
[  202400ms] [WARNING] The resource http://localhost:3000/_next/static/chunks/src_components_calendly_CalendlyInlineEmbed_tsx_0bp3s9u._.js was preloaded using link preload but not used within a few seconds from the window's load event. Please make sure it has an appropriate `as` value and it is preloaded intentionally. @ http://localhost:3000/#contact:0
[  206299ms] [LOG] [Fast Refresh] rebuilding @ http://localhost:3000/_next/static/chunks/node_modules_next_dist_0nzbwyu._.js:1074
[  206540ms] [LOG] [Fast Refresh] done in 362ms @ http://localhost:3000/_next/static/chunks/node_modules_next_dist_0nzbwyu._.js:1074
[  207943ms] [WARNING] The resource http://localhost:3000/_next/static/chunks/src_components_calendly_CalendlyInlineEmbed_tsx_0bp3s9u._.js was preloaded using link preload but not used within a few seconds from the window's load event. Please make sure it has an appropriate `as` value and it is preloaded intentionally. @ http://localhost:3000/#contact:0
[  213472ms] [WARNING] The resource http://localhost:3000/_next/static/chunks/src_components_calendly_CalendlyInlineEmbed_tsx_0bp3s9u._.js was preloaded using link preload but not used within a few seconds from the window's load event. Please make sure it has an appropriate `as` value and it is preloaded intentionally. @ http://localhost:3000/#contact:0
[  218777ms] [LOG] [Fast Refresh] rebuilding @ http://localhost:3000/_next/static/chunks/node_modules_next_dist_0nzbwyu._.js:1074
[  219040ms] [WARNING] The resource http://localhost:3000/_next/static/chunks/src_components_calendly_CalendlyInlineEmbed_tsx_0bp3s9u._.js was preloaded using link preload but not used within a few seconds from the window's load event. Please make sure it has an appropriate `as` value and it is preloaded intentionally. @ http://localhost:3000/#contact:0
[  219064ms] [LOG] [Fast Refresh] done in 406ms @ http://localhost:3000/_next/static/chunks/node_modules_next_dist_0nzbwyu._.js:1074
[  221069ms] [LOG] [Fast Refresh] rebuilding @ http://localhost:3000/_next/static/chunks/node_modules_next_dist_0nzbwyu._.js:1074
[  221362ms] [LOG] [Fast Refresh] done in 412ms @ http://localhost:3000/_next/static/chunks/node_modules_next_dist_0nzbwyu._.js:1074
[  222629ms] [LOG] [Fast Refresh] rebuilding @ http://localhost:3000/_next/static/chunks/node_modules_next_dist_0nzbwyu._.js:1074
[  222917ms] [LOG] [Fast Refresh] done in 408ms @ http://localhost:3000/_next/static/chunks/node_modules_next_dist_0nzbwyu._.js:1074
[  224600ms] [WARNING] The resource http://localhost:3000/_next/static/chunks/src_components_calendly_CalendlyInlineEmbed_tsx_0bp3s9u._.js was preloaded using link preload but not used within a few seconds from the window's load event. Please make sure it has an appropriate `as` value and it is preloaded intentionally. @ http://localhost:3000/#contact:0
[  230257ms] [WARNING] The resource http://localhost:3000/_next/static/chunks/src_components_calendly_CalendlyInlineEmbed_tsx_0bp3s9u._.js was preloaded using link preload but not used within a few seconds from the window's load event. Please make sure it has an appropriate `as` value and it is preloaded intentionally. @ http://localhost:3000/#contact:0
[  235707ms] [WARNING] The resource http://localhost:3000/_next/static/chunks/src_components_calendly_CalendlyInlineEmbed_tsx_0bp3s9u._.js was preloaded using link preload but not used within a few seconds from the window's load event. Please make sure it has an appropriate `as` value and it is preloaded intentionally. @ http://localhost:3000/#contact:0
[  241252ms] [WARNING] The resource http://localhost:3000/_next/static/chunks/src_components_calendly_CalendlyInlineEmbed_tsx_0bp3s9u._.js was preloaded using link preload but not used within a few seconds from the window's load event. Please make sure it has an appropriate `as` value and it is preloaded intentionally. @ http://localhost:3000/#contact:0
[  244429ms] [LOG] [Fast Refresh] rebuilding @ http://localhost:3000/_next/static/chunks/node_modules_next_dist_0nzbwyu._.js:1074
[  244725ms] [LOG] [Fast Refresh] done in 411ms @ http://localhost:3000/_next/static/chunks/node_modules_next_dist_0nzbwyu._.js:1074
[  245754ms] [LOG] [Fast Refresh] rebuilding @ http://localhost:3000/_next/static/chunks/node_modules_next_dist_0nzbwyu._.js:1074
[  246548ms] [LOG] [Fast Refresh] done in 868ms @ http://localhost:3000/_next/static/chunks/node_modules_next_dist_0nzbwyu._.js:1074
[  252384ms] [WARNING] The resource http://localhost:3000/_next/static/chunks/src_components_calendly_CalendlyInlineEmbed_tsx_0bp3s9u._.js was preloaded using link preload but not used within a few seconds from the window's load event. Please make sure it has an appropriate `as` value and it is preloaded intentionally. @ http://localhost:3000/#contact:0
[  257947ms] [WARNING] The resource http://localhost:3000/_next/static/chunks/src_components_calendly_CalendlyInlineEmbed_tsx_0bp3s9u._.js was preloaded using link preload but not used within a few seconds from the window's load event. Please make sure it has an appropriate `as` value and it is preloaded intentionally. @ http://localhost:3000/#contact:0
[  259504ms] [LOG] [Fast Refresh] rebuilding @ http://localhost:3000/_next/static/chunks/node_modules_next_dist_0nzbwyu._.js:1074
[  260045ms] [LOG] [Fast Refresh] done in 585ms @ http://localhost:3000/_next/static/chunks/node_modules_next_dist_0nzbwyu._.js:1074
[  269033ms] [WARNING] The resource http://localhost:3000/_next/static/chunks/src_components_calendly_CalendlyInlineEmbed_tsx_0bp3s9u._.js was preloaded using link preload but not used within a few seconds from the window's load event. Please make sure it has an appropriate `as` value and it is preloaded intentionally. @ http://localhost:3000/#contact:0
[  269366ms] [LOG] [Fast Refresh] rebuilding @ http://localhost:3000/_next/static/chunks/node_modules_next_dist_0nzbwyu._.js:1074
[  269585ms] [LOG] [Fast Refresh] done in 350ms @ http://localhost:3000/_next/static/chunks/node_modules_next_dist_0nzbwyu._.js:1074
[  271893ms] [LOG] [Fast Refresh] rebuilding @ http://localhost:3000/_next/static/chunks/node_modules_next_dist_0nzbwyu._.js:1074
[  272217ms] [LOG] [Fast Refresh] done in 445ms @ http://localhost:3000/_next/static/chunks/node_modules_next_dist_0nzbwyu._.js:1074
[  274585ms] [WARNING] The resource http://localhost:3000/_next/static/chunks/src_components_calendly_CalendlyInlineEmbed_tsx_0bp3s9u._.js was preloaded using link preload but not used within a few seconds from the window's load event. Please make sure it has an appropriate `as` value and it is preloaded intentionally. @ http://localhost:3000/#contact:0
[  280137ms] [WARNING] The resource http://localhost:3000/_next/static/chunks/src_components_calendly_CalendlyInlineEmbed_tsx_0bp3s9u._.js was preloaded using link preload but not used within a few seconds from the window's load event. Please make sure it has an appropriate `as` value and it is preloaded intentionally. @ http://localhost:3000/#contact:0
[  287771ms] [LOG] [Fast Refresh] rebuilding @ http://localhost:3000/_next/static/chunks/node_modules_next_dist_0nzbwyu._.js:1074
[  288165ms] [LOG] [Fast Refresh] done in 484ms @ http://localhost:3000/_next/static/chunks/node_modules_next_dist_0nzbwyu._.js:1074
[  288284ms] [LOG] [Fast Refresh] rebuilding @ http://localhost:3000/_next/static/chunks/node_modules_next_dist_0nzbwyu._.js:1074
[  288348ms] [LOG] [Fast Refresh] done in 182ms @ http://localhost:3000/_next/static/chunks/node_modules_next_dist_0nzbwyu._.js:1074
[  289575ms] [LOG] [Fast Refresh] rebuilding @ http://localhost:3000/_next/static/chunks/node_modules_next_dist_0nzbwyu._.js:1074
[  290043ms] [LOG] [Fast Refresh] done in 569ms @ http://localhost:3000/_next/static/chunks/node_modules_next_dist_0nzbwyu._.js:1074
[  290351ms] [LOG] [Fast Refresh] rebuilding @ http://localhost:3000/_next/static/chunks/node_modules_next_dist_0nzbwyu._.js:1074
[  290373ms] [LOG] [Fast Refresh] done in 149ms @ http://localhost:3000/_next/static/chunks/node_modules_next_dist_0nzbwyu._.js:1074
[  291995ms] [LOG] [Fast Refresh] rebuilding @ http://localhost:3000/_next/static/chunks/node_modules_next_dist_0nzbwyu._.js:1074
[  292351ms] [LOG] [Fast Refresh] done in 453ms @ http://localhost:3000/_next/static/chunks/node_modules_next_dist_0nzbwyu._.js:1074
[  292511ms] [LOG] [Fast Refresh] rebuilding @ http://localhost:3000/_next/static/chunks/node_modules_next_dist_0nzbwyu._.js:1074
[  292557ms] [LOG] [Fast Refresh] done in 180ms @ http://localhost:3000/_next/static/chunks/node_modules_next_dist_0nzbwyu._.js:1074
[  294131ms] [LOG] Route changed: / @ http://localhost:3000/_next/static/chunks/node_modules_next_dist_0nzbwyu._.js:1074
[  294132ms] [LOG] Sending pageview: / @ http://localhost:3000/_next/static/chunks/node_modules_next_dist_0nzbwyu._.js:1074
[  294133ms] [LOG] GA4 loaded @ http://localhost:3000/_next/static/chunks/node_modules_next_dist_0nzbwyu._.js:1074
[  367439ms] [LOG] [Fast Refresh] rebuilding @ http://localhost:3000/_next/static/chunks/node_modules_next_dist_0nzbwyu._.js:1074
[  367710ms] [LOG] [Fast Refresh] done in 383ms @ http://localhost:3000/_next/static/chunks/node_modules_next_dist_0nzbwyu._.js:1074
[  382752ms] [WARNING] The resource http://localhost:3000/_next/static/chunks/src_components_calendly_CalendlyInlineEmbed_tsx_0bp3s9u._.js was preloaded using link preload but not used within a few seconds from the window's load event. Please make sure it has an appropriate `as` value and it is preloaded intentionally. @ http://localhost:3000/#contact:0
[  393739ms] [WARNING] The resource http://localhost:3000/_next/static/chunks/src_components_calendly_CalendlyInlineEmbed_tsx_0bp3s9u._.js was preloaded using link preload but not used within a few seconds from the window's load event. Please make sure it has an appropriate `as` value and it is preloaded intentionally. @ http://localhost:3000/#contact:0
[  399273ms] [WARNING] The resource http://localhost:3000/_next/static/chunks/src_components_calendly_CalendlyInlineEmbed_tsx_0bp3s9u._.js was preloaded using link preload but not used within a few seconds from the window's load event. Please make sure it has an appropriate `as` value and it is preloaded intentionally. @ http://localhost:3000/#contact:0
[  404727ms] [WARNING] The resource http://localhost:3000/_next/static/chunks/src_components_calendly_CalendlyInlineEmbed_tsx_0bp3s9u._.js was preloaded using link preload but not used within a few seconds from the window's load event. Please make sure it has an appropriate `as` value and it is preloaded intentionally. @ http://localhost:3000/#contact:0
[  410280ms] [WARNING] The resource http://localhost:3000/_next/static/chunks/src_components_calendly_CalendlyInlineEmbed_tsx_0bp3s9u._.js was preloaded using link preload but not used within a few seconds from the window's load event. Please make sure it has an appropriate `as` value and it is preloaded intentionally. @ http://localhost:3000/#contact:0
[  415742ms] [WARNING] The resource http://localhost:3000/_next/static/chunks/src_components_calendly_CalendlyInlineEmbed_tsx_0bp3s9u._.js was preloaded using link preload but not used within a few seconds from the window's load event. Please make sure it has an appropriate `as` value and it is preloaded intentionally. @ http://localhost:3000/#contact:0
[  417396ms] [LOG] [Fast Refresh] rebuilding @ http://localhost:3000/_next/static/chunks/node_modules_next_dist_0nzbwyu._.js:1074
[  420342ms] [LOG] [Fast Refresh] done in 3081ms @ http://localhost:3000/_next/static/chunks/node_modules_next_dist_0nzbwyu._.js:1074
[  421255ms] [WARNING] The resource http://localhost:3000/_next/static/chunks/src_components_calendly_CalendlyInlineEmbed_tsx_0bp3s9u._.js was preloaded using link preload but not used within a few seconds from the window's load event. Please make sure it has an appropriate `as` value and it is preloaded intentionally. @ http://localhost:3000/#contact:0
[  426747ms] [WARNING] The resource http://localhost:3000/_next/static/chunks/src_components_calendly_CalendlyInlineEmbed_tsx_0bp3s9u._.js was preloaded using link preload but not used within a few seconds from the window's load event. Please make sure it has an appropriate `as` value and it is preloaded intentionally. @ http://localhost:3000/#contact:0
[  432245ms] [WARNING] The resource http://localhost:3000/_next/static/chunks/src_components_calendly_CalendlyInlineEmbed_tsx_0bp3s9u._.js was preloaded using link preload but not used within a few seconds from the window's load event. Please make sure it has an appropriate `as` value and it is preloaded intentionally. @ http://localhost:3000/#contact:0
[  437738ms] [WARNING] The resource http://localhost:3000/_next/static/chunks/src_components_calendly_CalendlyInlineEmbed_tsx_0bp3s9u._.js was preloaded using link preload but not used within a few seconds from the window's load event. Please make sure it has an appropriate `as` value and it is preloaded intentionally. @ http://localhost:3000/#contact:0
[  443242ms] [WARNING] The resource http://localhost:3000/_next/static/chunks/src_components_calendly_CalendlyInlineEmbed_tsx_0bp3s9u._.js was preloaded using link preload but not used within a few seconds from the window's load event. Please make sure it has an appropriate `as` value and it is preloaded intentionally. @ http://localhost:3000/#contact:0
[  448755ms] [WARNING] The resource http://localhost:3000/_next/static/chunks/src_components_calendly_CalendlyInlineEmbed_tsx_0bp3s9u._.js was preloaded using link preload but not used within a few seconds from the window's load event. Please make sure it has an appropriate `as` value and it is preloaded intentionally. @ http://localhost:3000/#contact:0
[  454242ms] [WARNING] The resource http://localhost:3000/_next/static/chunks/src_components_calendly_CalendlyInlineEmbed_tsx_0bp3s9u._.js was preloaded using link preload but not used within a few seconds from the window's load event. Please make sure it has an appropriate `as` value and it is preloaded intentionally. @ http://localhost:3000/#contact:0
[  459757ms] [WARNING] The resource http://localhost:3000/_next/static/chunks/src_components_calendly_CalendlyInlineEmbed_tsx_0bp3s9u._.js was preloaded using link preload but not used within a few seconds from the window's load event. Please make sure it has an appropriate `as` value and it is preloaded intentionally. @ http://localhost:3000/#contact:0
[  465221ms] [WARNING] The resource http://localhost:3000/_next/static/chunks/src_components_calendly_CalendlyInlineEmbed_tsx_0bp3s9u._.js was preloaded using link preload but not used within a few seconds from the window's load event. Please make sure it has an appropriate `as` value and it is preloaded intentionally. @ http://localhost:3000/#contact:0
[  470757ms] [WARNING] The resource http://localhost:3000/_next/static/chunks/src_components_calendly_CalendlyInlineEmbed_tsx_0bp3s9u._.js was preloaded using link preload but not used within a few seconds from the window's load event. Please make sure it has an appropriate `as` value and it is preloaded intentionally. @ http://localhost:3000/#contact:0
[  476231ms] [WARNING] The resource http://localhost:3000/_next/static/chunks/src_components_calendly_CalendlyInlineEmbed_tsx_0bp3s9u._.js was preloaded using link preload but not used within a few seconds from the window's load event. Please make sure it has an appropriate `as` value and it is preloaded intentionally. @ http://localhost:3000/#contact:0
[  481736ms] [WARNING] The resource http://localhost:3000/_next/static/chunks/src_components_calendly_CalendlyInlineEmbed_tsx_0bp3s9u._.js was preloaded using link preload but not used within a few seconds from the window's load event. Please make sure it has an appropriate `as` value and it is preloaded intentionally. @ http://localhost:3000/#contact:0
[  487308ms] [WARNING] The resource http://localhost:3000/_next/static/chunks/src_components_calendly_CalendlyInlineEmbed_tsx_0bp3s9u._.js was preloaded using link preload but not used within a few seconds from the window's load event. Please make sure it has an appropriate `as` value and it is preloaded intentionally. @ http://localhost:3000/#contact:0
[  492781ms] [WARNING] The resource http://localhost:3000/_next/static/chunks/src_components_calendly_CalendlyInlineEmbed_tsx_0bp3s9u._.js was preloaded using link preload but not used within a few seconds from the window's load event. Please make sure it has an appropriate `as` value and it is preloaded intentionally. @ http://localhost:3000/#contact:0
[  498277ms] [WARNING] The resource http://localhost:3000/_next/static/chunks/src_components_calendly_CalendlyInlineEmbed_tsx_0bp3s9u._.js was preloaded using link preload but not used within a few seconds from the window's load event. Please make sure it has an appropriate `as` value and it is preloaded intentionally. @ http://localhost:3000/#contact:0
[  503717ms] [WARNING] The resource http://localhost:3000/_next/static/chunks/src_components_calendly_CalendlyInlineEmbed_tsx_0bp3s9u._.js was preloaded using link preload but not used within a few seconds from the window's load event. Please make sure it has an appropriate `as` value and it is preloaded intentionally. @ http://localhost:3000/#contact:0
[  509260ms] [WARNING] The resource http://localhost:3000/_next/static/chunks/src_components_calendly_CalendlyInlineEmbed_tsx_0bp3s9u._.js was preloaded using link preload but not used within a few seconds from the window's load event. Please make sure it has an appropriate `as` value and it is preloaded intentionally. @ http://localhost:3000/#contact:0
[  514718ms] [WARNING] The resource http://localhost:3000/_next/static/chunks/src_components_calendly_CalendlyInlineEmbed_tsx_0bp3s9u._.js was preloaded using link preload but not used within a few seconds from the window's load event. Please make sure it has an appropriate `as` value and it is preloaded intentionally. @ http://localhost:3000/#contact:0
[  520228ms] [WARNING] The resource http://localhost:3000/_next/static/chunks/src_components_calendly_CalendlyInlineEmbed_tsx_0bp3s9u._.js was preloaded using link preload but not used within a few seconds from the window's load event. Please make sure it has an appropriate `as` value and it is preloaded intentionally. @ http://localhost:3000/#contact:0
[  525731ms] [WARNING] The resource http://localhost:3000/_next/static/chunks/src_components_calendly_CalendlyInlineEmbed_tsx_0bp3s9u._.js was preloaded using link preload but not used within a few seconds from the window's load event. Please make sure it has an appropriate `as` value and it is preloaded intentionally. @ http://localhost:3000/#contact:0
[  531299ms] [WARNING] The resource http://localhost:3000/_next/static/chunks/src_components_calendly_CalendlyInlineEmbed_tsx_0bp3s9u._.js was preloaded using link preload but not used within a few seconds from the window's load event. Please make sure it has an appropriate `as` value and it is preloaded intentionally. @ http://localhost:3000/#contact:0
[  536721ms] [WARNING] The resource http://localhost:3000/_next/static/chunks/src_components_calendly_CalendlyInlineEmbed_tsx_0bp3s9u._.js was preloaded using link preload but not used within a few seconds from the window's load event. Please make sure it has an appropriate `as` value and it is preloaded intentionally. @ http://localhost:3000/#contact:0
[  542278ms] [WARNING] The resource http://localhost:3000/_next/static/chunks/src_components_calendly_CalendlyInlineEmbed_tsx_0bp3s9u._.js was preloaded using link preload but not used within a few seconds from the window's load event. Please make sure it has an appropriate `as` value and it is preloaded intentionally. @ http://localhost:3000/#contact:0
[  547724ms] [WARNING] The resource http://localhost:3000/_next/static/chunks/src_components_calendly_CalendlyInlineEmbed_tsx_0bp3s9u._.js was preloaded using link preload but not used within a few seconds from the window's load event. Please make sure it has an appropriate `as` value and it is preloaded intentionally. @ http://localhost:3000/#contact:0
[  553235ms] [WARNING] The resource http://localhost:3000/_next/static/chunks/src_components_calendly_CalendlyInlineEmbed_tsx_0bp3s9u._.js was preloaded using link preload but not used within a few seconds from the window's load event. Please make sure it has an appropriate `as` value and it is preloaded intentionally. @ http://localhost:3000/#contact:0
[  558727ms] [WARNING] The resource http://localhost:3000/_next/static/chunks/src_components_calendly_CalendlyInlineEmbed_tsx_0bp3s9u._.js was preloaded using link preload but not used within a few seconds from the window's load event. Please make sure it has an appropriate `as` value and it is preloaded intentionally. @ http://localhost:3000/#contact:0
[  564234ms] [WARNING] The resource http://localhost:3000/_next/static/chunks/src_components_calendly_CalendlyInlineEmbed_tsx_0bp3s9u._.js was preloaded using link preload but not used within a few seconds from the window's load event. Please make sure it has an appropriate `as` value and it is preloaded intentionally. @ http://localhost:3000/#contact:0
[  569763ms] [WARNING] The resource http://localhost:3000/_next/static/chunks/src_components_calendly_CalendlyInlineEmbed_tsx_0bp3s9u._.js was preloaded using link preload but not used within a few seconds from the window's load event. Please make sure it has an appropriate `as` value and it is preloaded intentionally. @ http://localhost:3000/#contact:0
[  575212ms] [WARNING] The resource http://localhost:3000/_next/static/chunks/src_components_calendly_CalendlyInlineEmbed_tsx_0bp3s9u._.js was preloaded using link preload but not used within a few seconds from the window's load event. Please make sure it has an appropriate `as` value and it is preloaded intentionally. @ http://localhost:3000/#contact:0
[  586210ms] [WARNING] The resource http://localhost:3000/_next/static/chunks/src_components_calendly_CalendlyInlineEmbed_tsx_0bp3s9u._.js was preloaded using link preload but not used within a few seconds from the window's load event. Please make sure it has an appropriate `as` value and it is preloaded intentionally. @ http://localhost:3000/#contact:0
[  591748ms] [WARNING] The resource http://localhost:3000/_next/static/chunks/src_components_calendly_CalendlyInlineEmbed_tsx_0bp3s9u._.js was preloaded using link preload but not used within a few seconds from the window's load event. Please make sure it has an appropriate `as` value and it is preloaded intentionally. @ http://localhost:3000/#contact:0
[  597204ms] [WARNING] The resource http://localhost:3000/_next/static/chunks/src_components_calendly_CalendlyInlineEmbed_tsx_0bp3s9u._.js was preloaded using link preload but not used within a few seconds from the window's load event. Please make sure it has an appropriate `as` value and it is preloaded intentionally. @ http://localhost:3000/#contact:0
[  602739ms] [WARNING] The resource http://localhost:3000/_next/static/chunks/src_components_calendly_CalendlyInlineEmbed_tsx_0bp3s9u._.js was preloaded using link preload but not used within a few seconds from the window's load event. Please make sure it has an appropriate `as` value and it is preloaded intentionally. @ http://localhost:3000/#contact:0
[  608882ms] [WARNING] The resource http://localhost:3000/_next/static/chunks/src_components_calendly_CalendlyInlineEmbed_tsx_0bp3s9u._.js was preloaded using link preload but not used within a few seconds from the window's load event. Please make sure it has an appropriate `as` value and it is preloaded intentionally. @ http://localhost:3000/#contact:0
[  613738ms] [WARNING] The resource http://localhost:3000/_next/static/chunks/src_components_calendly_CalendlyInlineEmbed_tsx_0bp3s9u._.js was preloaded using link preload but not used within a few seconds from the window's load event. Please make sure it has an appropriate `as` value and it is preloaded intentionally. @ http://localhost:3000/#contact:0
[  619216ms] [WARNING] The resource http://localhost:3000/_next/static/chunks/src_components_calendly_CalendlyInlineEmbed_tsx_0bp3s9u._.js was preloaded using link preload but not used within a few seconds from the window's load event. Please make sure it has an appropriate `as` value and it is preloaded intentionally. @ http://localhost:3000/#contact:0
[  624732ms] [WARNING] The resource http://localhost:3000/_next/static/chunks/src_components_calendly_CalendlyInlineEmbed_tsx_0bp3s9u._.js was preloaded using link preload but not used within a few seconds from the window's load event. Please make sure it has an appropriate `as` value and it is preloaded intentionally. @ http://localhost:3000/#contact:0
[  630261ms] [WARNING] The resource http://localhost:3000/_next/static/chunks/src_components_calendly_CalendlyInlineEmbed_tsx_0bp3s9u._.js was preloaded using link preload but not used within a few seconds from the window's load event. Please make sure it has an appropriate `as` value and it is preloaded intentionally. @ http://localhost:3000/#contact:0
[  635733ms] [WARNING] The resource http://localhost:3000/_next/static/chunks/src_components_calendly_CalendlyInlineEmbed_tsx_0bp3s9u._.js was preloaded using link preload but not used within a few seconds from the window's load event. Please make sure it has an appropriate `as` value and it is preloaded intentionally. @ http://localhost:3000/#contact:0
[  641258ms] [WARNING] The resource http://localhost:3000/_next/static/chunks/src_components_calendly_CalendlyInlineEmbed_tsx_0bp3s9u._.js was preloaded using link preload but not used within a few seconds from the window's load event. Please make sure it has an appropriate `as` value and it is preloaded intentionally. @ http://localhost:3000/#contact:0
[  646726ms] [WARNING] The resource http://localhost:3000/_next/static/chunks/src_components_calendly_CalendlyInlineEmbed_tsx_0bp3s9u._.js was preloaded using link preload but not used within a few seconds from the window's load event. Please make sure it has an appropriate `as` value and it is preloaded intentionally. @ http://localhost:3000/#contact:0
[  647389ms] [LOG] [Fast Refresh] rebuilding @ http://localhost:3000/_next/static/chunks/node_modules_next_dist_0nzbwyu._.js:1074
[  648025ms] [LOG] [Fast Refresh] done in 720ms @ http://localhost:3000/_next/static/chunks/node_modules_next_dist_0nzbwyu._.js:1074
[  652656ms] [WARNING] The resource http://localhost:3000/_next/static/chunks/src_components_calendly_CalendlyInlineEmbed_tsx_0bp3s9u._.js was preloaded using link preload but not used within a few seconds from the window's load event. Please make sure it has an appropriate `as` value and it is preloaded intentionally. @ http://localhost:3000/#contact:0
[  658069ms] [WARNING] The resource http://localhost:3000/_next/static/chunks/src_components_calendly_CalendlyInlineEmbed_tsx_0bp3s9u._.js was preloaded using link preload but not used within a few seconds from the window's load event. Please make sure it has an appropriate `as` value and it is preloaded intentionally. @ http://localhost:3000/#contact:0
[  663761ms] [WARNING] The resource http://localhost:3000/_next/static/chunks/src_components_calendly_CalendlyInlineEmbed_tsx_0bp3s9u._.js was preloaded using link preload but not used within a few seconds from the window's load event. Please make sure it has an appropriate `as` value and it is preloaded intentionally. @ http://localhost:3000/#contact:0
[  669266ms] [WARNING] The resource http://localhost:3000/_next/static/chunks/src_components_calendly_CalendlyInlineEmbed_tsx_0bp3s9u._.js was preloaded using link preload but not used within a few seconds from the window's load event. Please make sure it has an appropriate `as` value and it is preloaded intentionally. @ http://localhost:3000/#contact:0
[  674788ms] [WARNING] The resource http://localhost:3000/_next/static/chunks/src_components_calendly_CalendlyInlineEmbed_tsx_0bp3s9u._.js was preloaded using link preload but not used within a few seconds from the window's load event. Please make sure it has an appropriate `as` value and it is preloaded intentionally. @ http://localhost:3000/#contact:0
[  680336ms] [WARNING] The resource http://localhost:3000/_next/static/chunks/src_components_calendly_CalendlyInlineEmbed_tsx_0bp3s9u._.js was preloaded using link preload but not used within a few seconds from the window's load event. Please make sure it has an appropriate `as` value and it is preloaded intentionally. @ http://localhost:3000/#contact:0
[  683660ms] [LOG] [Fast Refresh] rebuilding @ http://localhost:3000/_next/static/chunks/node_modules_next_dist_0nzbwyu._.js:1074
[  684002ms] [LOG] [Fast Refresh] done in 456ms @ http://localhost:3000/_next/static/chunks/node_modules_next_dist_0nzbwyu._.js:1074
[  685968ms] [WARNING] The resource http://localhost:3000/_next/static/chunks/src_components_calendly_CalendlyInlineEmbed_tsx_0bp3s9u._.js was preloaded using link preload but not used within a few seconds from the window's load event. Please make sure it has an appropriate `as` value and it is preloaded intentionally. @ http://localhost:3000/#contact:0
[  691477ms] [WARNING] The resource http://localhost:3000/_next/static/chunks/src_components_calendly_CalendlyInlineEmbed_tsx_0bp3s9u._.js was preloaded using link preload but not used within a few seconds from the window's load event. Please make sure it has an appropriate `as` value and it is preloaded intentionally. @ http://localhost:3000/#contact:0
[  697024ms] [WARNING] The resource http://localhost:3000/_next/static/chunks/src_components_calendly_CalendlyInlineEmbed_tsx_0bp3s9u._.js was preloaded using link preload but not used within a few seconds from the window's load event. Please make sure it has an appropriate `as` value and it is preloaded intentionally. @ http://localhost:3000/#contact:0
[  702564ms] [WARNING] The resource http://localhost:3000/_next/static/chunks/src_components_calendly_CalendlyInlineEmbed_tsx_0bp3s9u._.js was preloaded using link preload but not used within a few seconds from the window's load event. Please make sure it has an appropriate `as` value and it is preloaded intentionally. @ http://localhost:3000/#contact:0
[  708118ms] [WARNING] The resource http://localhost:3000/_next/static/chunks/src_components_calendly_CalendlyInlineEmbed_tsx_0bp3s9u._.js was preloaded using link preload but not used within a few seconds from the window's load event. Please make sure it has an appropriate `as` value and it is preloaded intentionally. @ http://localhost:3000/#contact:0
[  713786ms] [WARNING] The resource http://localhost:3000/_next/static/chunks/src_components_calendly_CalendlyInlineEmbed_tsx_0bp3s9u._.js was preloaded using link preload but not used within a few seconds from the window's load event. Please make sure it has an appropriate `as` value and it is preloaded intentionally. @ http://localhost:3000/#contact:0
[  719378ms] [WARNING] The resource http://localhost:3000/_next/static/chunks/src_components_calendly_CalendlyInlineEmbed_tsx_0bp3s9u._.js was preloaded using link preload but not used within a few seconds from the window's load event. Please make sure it has an appropriate `as` value and it is preloaded intentionally. @ http://localhost:3000/#contact:0
[  724904ms] [WARNING] The resource http://localhost:3000/_next/static/chunks/src_components_calendly_CalendlyInlineEmbed_tsx_0bp3s9u._.js was preloaded using link preload but not used within a few seconds from the window's load event. Please make sure it has an appropriate `as` value and it is preloaded intentionally. @ http://localhost:3000/#contact:0
[  730480ms] [WARNING] The resource http://localhost:3000/_next/static/chunks/src_components_calendly_CalendlyInlineEmbed_tsx_0bp3s9u._.js was preloaded using link preload but not used within a few seconds from the window's load event. Please make sure it has an appropriate `as` value and it is preloaded intentionally. @ http://localhost:3000/#contact:0
[  736017ms] [WARNING] The resource http://localhost:3000/_next/static/chunks/src_components_calendly_CalendlyInlineEmbed_tsx_0bp3s9u._.js was preloaded using link preload but not used within a few seconds from the window's load event. Please make sure it has an appropriate `as` value and it is preloaded intentionally. @ http://localhost:3000/#contact:0
[  741557ms] [WARNING] The resource http://localhost:3000/_next/static/chunks/src_components_calendly_CalendlyInlineEmbed_tsx_0bp3s9u._.js was preloaded using link preload but not used within a few seconds from the window's load event. Please make sure it has an appropriate `as` value and it is preloaded intentionally. @ http://localhost:3000/#contact:0
[  747117ms] [WARNING] The resource http://localhost:3000/_next/static/chunks/src_components_calendly_CalendlyInlineEmbed_tsx_0bp3s9u._.js was preloaded using link preload but not used within a few seconds from the window's load event. Please make sure it has an appropriate `as` value and it is preloaded intentionally. @ http://localhost:3000/#contact:0
[  752681ms] [WARNING] The resource http://localhost:3000/_next/static/chunks/src_components_calendly_CalendlyInlineEmbed_tsx_0bp3s9u._.js was preloaded using link preload but not used within a few seconds from the window's load event. Please make sure it has an appropriate `as` value and it is preloaded intentionally. @ http://localhost:3000/#contact:0
[  758233ms] [WARNING] The resource http://localhost:3000/_next/static/chunks/src_components_calendly_CalendlyInlineEmbed_tsx_0bp3s9u._.js was preloaded using link preload but not used within a few seconds from the window's load event. Please make sure it has an appropriate `as` value and it is preloaded intentionally. @ http://localhost:3000/#contact:0
[  763782ms] [WARNING] The resource http://localhost:3000/_next/static/chunks/src_components_calendly_CalendlyInlineEmbed_tsx_0bp3s9u._.js was preloaded using link preload but not used within a few seconds from the window's load event. Please make sure it has an appropriate `as` value and it is preloaded intentionally. @ http://localhost:3000/#contact:0
[  769327ms] [WARNING] The resource http://localhost:3000/_next/static/chunks/src_components_calendly_CalendlyInlineEmbed_tsx_0bp3s9u._.js was preloaded using link preload but not used within a few seconds from the window's load event. Please make sure it has an appropriate `as` value and it is preloaded intentionally. @ http://localhost:3000/#contact:0
[  774875ms] [WARNING] The resource http://localhost:3000/_next/static/chunks/src_components_calendly_CalendlyInlineEmbed_tsx_0bp3s9u._.js was preloaded using link preload but not used within a few seconds from the window's load event. Please make sure it has an appropriate `as` value and it is preloaded intentionally. @ http://localhost:3000/#contact:0
[  780563ms] [WARNING] The resource http://localhost:3000/_next/static/chunks/src_components_calendly_CalendlyInlineEmbed_tsx_0bp3s9u._.js was preloaded using link preload but not used within a few seconds from the window's load event. Please make sure it has an appropriate `as` value and it is preloaded intentionally. @ http://localhost:3000/#contact:0
[  785990ms] [WARNING] The resource http://localhost:3000/_next/static/chunks/src_components_calendly_CalendlyInlineEmbed_tsx_0bp3s9u._.js was preloaded using link preload but not used within a few seconds from the window's load event. Please make sure it has an appropriate `as` value and it is preloaded intentionally. @ http://localhost:3000/#contact:0
[  791514ms] [WARNING] The resource http://localhost:3000/_next/static/chunks/src_components_calendly_CalendlyInlineEmbed_tsx_0bp3s9u._.js was preloaded using link preload but not used within a few seconds from the window's load event. Please make sure it has an appropriate `as` value and it is preloaded intentionally. @ http://localhost:3000/#contact:0
[  797072ms] [WARNING] The resource http://localhost:3000/_next/static/chunks/src_components_calendly_CalendlyInlineEmbed_tsx_0bp3s9u._.js was preloaded using link preload but not used within a few seconds from the window's load event. Please make sure it has an appropriate `as` value and it is preloaded intentionally. @ http://localhost:3000/#contact:0
[  802617ms] [WARNING] The resource http://localhost:3000/_next/static/chunks/src_components_calendly_CalendlyInlineEmbed_tsx_0bp3s9u._.js was preloaded using link preload but not used within a few seconds from the window's load event. Please make sure it has an appropriate `as` value and it is preloaded intentionally. @ http://localhost:3000/#contact:0
[  808199ms] [WARNING] The resource http://localhost:3000/_next/static/chunks/src_components_calendly_CalendlyInlineEmbed_tsx_0bp3s9u._.js was preloaded using link preload but not used within a few seconds from the window's load event. Please make sure it has an appropriate `as` value and it is preloaded intentionally. @ http://localhost:3000/#contact:0
[  932760ms] [WARNING] The resource http://localhost:3000/_next/static/chunks/src_components_calendly_CalendlyInlineEmbed_tsx_0bp3s9u._.js was preloaded using link preload but not used within a few seconds from the window's load event. Please make sure it has an appropriate `as` value and it is preloaded intentionally. @ http://localhost:3000/#contact:0
[  938240ms] [WARNING] The resource http://localhost:3000/_next/static/chunks/src_components_calendly_CalendlyInlineEmbed_tsx_0bp3s9u._.js was preloaded using link preload but not used within a few seconds from the window's load event. Please make sure it has an appropriate `as` value and it is preloaded intentionally. @ http://localhost:3000/#contact:0
[  943771ms] [WARNING] The resource http://localhost:3000/_next/static/chunks/src_components_calendly_CalendlyInlineEmbed_tsx_0bp3s9u._.js was preloaded using link preload but not used within a few seconds from the window's load event. Please make sure it has an appropriate `as` value and it is preloaded intentionally. @ http://localhost:3000/#contact:0
[  949242ms] [WARNING] The resource http://localhost:3000/_next/static/chunks/src_components_calendly_CalendlyInlineEmbed_tsx_0bp3s9u._.js was preloaded using link preload but not used within a few seconds from the window's load event. Please make sure it has an appropriate `as` value and it is preloaded intentionally. @ http://localhost:3000/#contact:0
[  954838ms] [WARNING] The resource http://localhost:3000/_next/static/chunks/src_components_calendly_CalendlyInlineEmbed_tsx_0bp3s9u._.js was preloaded using link preload but not used within a few seconds from the window's load event. Please make sure it has an appropriate `as` value and it is preloaded intentionally. @ http://localhost:3000/#contact:0
[  960270ms] [WARNING] The resource http://localhost:3000/_next/static/chunks/src_components_calendly_CalendlyInlineEmbed_tsx_0bp3s9u._.js was preloaded using link preload but not used within a few seconds from the window's load event. Please make sure it has an appropriate `as` value and it is preloaded intentionally. @ http://localhost:3000/#contact:0
[  965767ms] [WARNING] The resource http://localhost:3000/_next/static/chunks/src_components_calendly_CalendlyInlineEmbed_tsx_0bp3s9u._.js was preloaded using link preload but not used within a few seconds from the window's load event. Please make sure it has an appropriate `as` value and it is preloaded intentionally. @ http://localhost:3000/#contact:0
[  971248ms] [WARNING] The resource http://localhost:3000/_next/static/chunks/src_components_calendly_CalendlyInlineEmbed_tsx_0bp3s9u._.js was preloaded using link preload but not used within a few seconds from the window's load event. Please make sure it has an appropriate `as` value and it is preloaded intentionally. @ http://localhost:3000/#contact:0
[  976757ms] [WARNING] The resource http://localhost:3000/_next/static/chunks/src_components_calendly_CalendlyInlineEmbed_tsx_0bp3s9u._.js was preloaded using link preload but not used within a few seconds from the window's load event. Please make sure it has an appropriate `as` value and it is preloaded intentionally. @ http://localhost:3000/#contact:0
[  982262ms] [WARNING] The resource http://localhost:3000/_next/static/chunks/src_components_calendly_CalendlyInlineEmbed_tsx_0bp3s9u._.js was preloaded using link preload but not used within a few seconds from the window's load event. Please make sure it has an appropriate `as` value and it is preloaded intentionally. @ http://localhost:3000/#contact:0
[  987748ms] [WARNING] The resource http://localhost:3000/_next/static/chunks/src_components_calendly_CalendlyInlineEmbed_tsx_0bp3s9u._.js was preloaded using link preload but not used within a few seconds from the window's load event. Please make sure it has an appropriate `as` value and it is preloaded intentionally. @ http://localhost:3000/#contact:0
[  993327ms] [WARNING] The resource http://localhost:3000/_next/static/chunks/src_components_calendly_CalendlyInlineEmbed_tsx_0bp3s9u._.js was preloaded using link preload but not used within a few seconds from the window's load event. Please make sure it has an appropriate `as` value and it is preloaded intentionally. @ http://localhost:3000/#contact:0
[  998770ms] [WARNING] The resource http://localhost:3000/_next/static/chunks/src_components_calendly_CalendlyInlineEmbed_tsx_0bp3s9u._.js was preloaded using link preload but not used within a few seconds from the window's load event. Please make sure it has an appropriate `as` value and it is preloaded intentionally. @ http://localhost:3000/#contact:0
[ 1004270ms] [WARNING] The resource http://localhost:3000/_next/static/chunks/src_components_calendly_CalendlyInlineEmbed_tsx_0bp3s9u._.js was preloaded using link preload but not used within a few seconds from the window's load event. Please make sure it has an appropriate `as` value and it is preloaded intentionally. @ http://localhost:3000/#contact:0
[ 1009796ms] [WARNING] The resource http://localhost:3000/_next/static/chunks/src_components_calendly_CalendlyInlineEmbed_tsx_0bp3s9u._.js was preloaded using link preload but not used within a few seconds from the window's load event. Please make sure it has an appropriate `as` value and it is preloaded intentionally. @ http://localhost:3000/#contact:0
[ 1015243ms] [WARNING] The resource http://localhost:3000/_next/static/chunks/src_components_calendly_CalendlyInlineEmbed_tsx_0bp3s9u._.js was preloaded using link preload but not used within a few seconds from the window's load event. Please make sure it has an appropriate `as` value and it is preloaded intentionally. @ http://localhost:3000/#contact:0
[ 1020735ms] [WARNING] The resource http://localhost:3000/_next/static/chunks/src_components_calendly_CalendlyInlineEmbed_tsx_0bp3s9u._.js was preloaded using link preload but not used within a few seconds from the window's load event. Please make sure it has an appropriate `as` value and it is preloaded intentionally. @ http://localhost:3000/#contact:0
[ 1026223ms] [WARNING] The resource http://localhost:3000/_next/static/chunks/src_components_calendly_CalendlyInlineEmbed_tsx_0bp3s9u._.js was preloaded using link preload but not used within a few seconds from the window's load event. Please make sure it has an appropriate `as` value and it is preloaded intentionally. @ http://localhost:3000/#contact:0
[ 1031774ms] [WARNING] The resource http://localhost:3000/_next/static/chunks/src_components_calendly_CalendlyInlineEmbed_tsx_0bp3s9u._.js was preloaded using link preload but not used within a few seconds from the window's load event. Please make sure it has an appropriate `as` value and it is preloaded intentionally. @ http://localhost:3000/#contact:0
[ 1037212ms] [WARNING] The resource http://localhost:3000/_next/static/chunks/src_components_calendly_CalendlyInlineEmbed_tsx_0bp3s9u._.js was preloaded using link preload but not used within a few seconds from the window's load event. Please make sure it has an appropriate `as` value and it is preloaded intentionally. @ http://localhost:3000/#contact:0
[ 1042757ms] [WARNING] The resource http://localhost:3000/_next/static/chunks/src_components_calendly_CalendlyInlineEmbed_tsx_0bp3s9u._.js was preloaded using link preload but not used within a few seconds from the window's load event. Please make sure it has an appropriate `as` value and it is preloaded intentionally. @ http://localhost:3000/#contact:0
[ 1048221ms] [WARNING] The resource http://localhost:3000/_next/static/chunks/src_components_calendly_CalendlyInlineEmbed_tsx_0bp3s9u._.js was preloaded using link preload but not used within a few seconds from the window's load event. Please make sure it has an appropriate `as` value and it is preloaded intentionally. @ http://localhost:3000/#contact:0
[ 1053740ms] [WARNING] The resource http://localhost:3000/_next/static/chunks/src_components_calendly_CalendlyInlineEmbed_tsx_0bp3s9u._.js was preloaded using link preload but not used within a few seconds from the window's load event. Please make sure it has an appropriate `as` value and it is preloaded intentionally. @ http://localhost:3000/#contact:0
[ 1059238ms] [WARNING] The resource http://localhost:3000/_next/static/chunks/src_components_calendly_CalendlyInlineEmbed_tsx_0bp3s9u._.js was preloaded using link preload but not used within a few seconds from the window's load event. Please make sure it has an appropriate `as` value and it is preloaded intentionally. @ http://localhost:3000/#contact:0
[ 1064763ms] [WARNING] The resource http://localhost:3000/_next/static/chunks/src_components_calendly_CalendlyInlineEmbed_tsx_0bp3s9u._.js was preloaded using link preload but not used within a few seconds from the window's load event. Please make sure it has an appropriate `as` value and it is preloaded intentionally. @ http://localhost:3000/#contact:0
[ 1070273ms] [WARNING] The resource http://localhost:3000/_next/static/chunks/src_components_calendly_CalendlyInlineEmbed_tsx_0bp3s9u._.js was preloaded using link preload but not used within a few seconds from the window's load event. Please make sure it has an appropriate `as` value and it is preloaded intentionally. @ http://localhost:3000/#contact:0
[ 1075774ms] [WARNING] The resource http://localhost:3000/_next/static/chunks/src_components_calendly_CalendlyInlineEmbed_tsx_0bp3s9u._.js was preloaded using link preload but not used within a few seconds from the window's load event. Please make sure it has an appropriate `as` value and it is preloaded intentionally. @ http://localhost:3000/#contact:0
[ 1081254ms] [WARNING] The resource http://localhost:3000/_next/static/chunks/src_components_calendly_CalendlyInlineEmbed_tsx_0bp3s9u._.js was preloaded using link preload but not used within a few seconds from the window's load event. Please make sure it has an appropriate `as` value and it is preloaded intentionally. @ http://localhost:3000/#contact:0
[ 1086745ms] [WARNING] The resource http://localhost:3000/_next/static/chunks/src_components_calendly_CalendlyInlineEmbed_tsx_0bp3s9u._.js was preloaded using link preload but not used within a few seconds from the window's load event. Please make sure it has an appropriate `as` value and it is preloaded intentionally. @ http://localhost:3000/#contact:0
[ 1092268ms] [WARNING] The resource http://localhost:3000/_next/static/chunks/src_components_calendly_CalendlyInlineEmbed_tsx_0bp3s9u._.js was preloaded using link preload but not used within a few seconds from the window's load event. Please make sure it has an appropriate `as` value and it is preloaded intentionally. @ http://localhost:3000/#contact:0
[ 1097745ms] [WARNING] The resource http://localhost:3000/_next/static/chunks/src_components_calendly_CalendlyInlineEmbed_tsx_0bp3s9u._.js was preloaded using link preload but not used within a few seconds from the window's load event. Please make sure it has an appropriate `as` value and it is preloaded intentionally. @ http://localhost:3000/#contact:0
[ 1103277ms] [WARNING] The resource http://localhost:3000/_next/static/chunks/src_components_calendly_CalendlyInlineEmbed_tsx_0bp3s9u._.js was preloaded using link preload but not used within a few seconds from the window's load event. Please make sure it has an appropriate `as` value and it is preloaded intentionally. @ http://localhost:3000/#contact:0
[ 1108775ms] [WARNING] The resource http://localhost:3000/_next/static/chunks/src_components_calendly_CalendlyInlineEmbed_tsx_0bp3s9u._.js was preloaded using link preload but not used within a few seconds from the window's load event. Please make sure it has an appropriate `as` value and it is preloaded intentionally. @ http://localhost:3000/#contact:0
[ 1114276ms] [WARNING] The resource http://localhost:3000/_next/static/chunks/src_components_calendly_CalendlyInlineEmbed_tsx_0bp3s9u._.js was preloaded using link preload but not used within a few seconds from the window's load event. Please make sure it has an appropriate `as` value and it is preloaded intentionally. @ http://localhost:3000/#contact:0
[ 1119762ms] [WARNING] The resource http://localhost:3000/_next/static/chunks/src_components_calendly_CalendlyInlineEmbed_tsx_0bp3s9u._.js was preloaded using link preload but not used within a few seconds from the window's load event. Please make sure it has an appropriate `as` value and it is preloaded intentionally. @ http://localhost:3000/#contact:0
[ 1125270ms] [WARNING] The resource http://localhost:3000/_next/static/chunks/src_components_calendly_CalendlyInlineEmbed_tsx_0bp3s9u._.js was preloaded using link preload but not used within a few seconds from the window's load event. Please make sure it has an appropriate `as` value and it is preloaded intentionally. @ http://localhost:3000/#contact:0
[ 1130775ms] [WARNING] The resource http://localhost:3000/_next/static/chunks/src_components_calendly_CalendlyInlineEmbed_tsx_0bp3s9u._.js was preloaded using link preload but not used within a few seconds from the window's load event. Please make sure it has an appropriate `as` value and it is preloaded intentionally. @ http://localhost:3000/#contact:0
[ 1136262ms] [WARNING] The resource http://localhost:3000/_next/static/chunks/src_components_calendly_CalendlyInlineEmbed_tsx_0bp3s9u._.js was preloaded using link preload but not used within a few seconds from the window's load event. Please make sure it has an appropriate `as` value and it is preloaded intentionally. @ http://localhost:3000/#contact:0
[ 1141737ms] [WARNING] The resource http://localhost:3000/_next/static/chunks/src_components_calendly_CalendlyInlineEmbed_tsx_0bp3s9u._.js was preloaded using link preload but not used within a few seconds from the window's load event. Please make sure it has an appropriate `as` value and it is preloaded intentionally. @ http://localhost:3000/#contact:0
[ 1147243ms] [WARNING] The resource http://localhost:3000/_next/static/chunks/src_components_calendly_CalendlyInlineEmbed_tsx_0bp3s9u._.js was preloaded using link preload but not used within a few seconds from the window's load event. Please make sure it has an appropriate `as` value and it is preloaded intentionally. @ http://localhost:3000/#contact:0
[ 1152729ms] [WARNING] The resource http://localhost:3000/_next/static/chunks/src_components_calendly_CalendlyInlineEmbed_tsx_0bp3s9u._.js was preloaded using link preload but not used within a few seconds from the window's load event. Please make sure it has an appropriate `as` value and it is preloaded intentionally. @ http://localhost:3000/#contact:0
[ 1158620ms] [WARNING] The resource http://localhost:3000/_next/static/chunks/src_components_calendly_CalendlyInlineEmbed_tsx_0bp3s9u._.js was preloaded using link preload but not used within a few seconds from the window's load event. Please make sure it has an appropriate `as` value and it is preloaded intentionally. @ http://localhost:3000/#contact:0
[ 1163769ms] [WARNING] The resource http://localhost:3000/_next/static/chunks/src_components_calendly_CalendlyInlineEmbed_tsx_0bp3s9u._.js was preloaded using link preload but not used within a few seconds from the window's load event. Please make sure it has an appropriate `as` value and it is preloaded intentionally. @ http://localhost:3000/#contact:0
[ 1169221ms] [WARNING] The resource http://localhost:3000/_next/static/chunks/src_components_calendly_CalendlyInlineEmbed_tsx_0bp3s9u._.js was preloaded using link preload but not used within a few seconds from the window's load event. Please make sure it has an appropriate `as` value and it is preloaded intentionally. @ http://localhost:3000/#contact:0
[ 1174807ms] [WARNING] The resource http://localhost:3000/_next/static/chunks/src_components_calendly_CalendlyInlineEmbed_tsx_0bp3s9u._.js was preloaded using link preload but not used within a few seconds from the window's load event. Please make sure it has an appropriate `as` value and it is preloaded intentionally. @ http://localhost:3000/#contact:0
[ 1180321ms] [WARNING] The resource http://localhost:3000/_next/static/chunks/src_components_calendly_CalendlyInlineEmbed_tsx_0bp3s9u._.js was preloaded using link preload but not used within a few seconds from the window's load event. Please make sure it has an appropriate `as` value and it is preloaded intentionally. @ http://localhost:3000/#contact:0
[ 1185899ms] [WARNING] The resource http://localhost:3000/_next/static/chunks/src_components_calendly_CalendlyInlineEmbed_tsx_0bp3s9u._.js was preloaded using link preload but not used within a few seconds from the window's load event. Please make sure it has an appropriate `as` value and it is preloaded intentionally. @ http://localhost:3000/#contact:0
[ 1191427ms] [WARNING] The resource http://localhost:3000/_next/static/chunks/src_components_calendly_CalendlyInlineEmbed_tsx_0bp3s9u._.js was preloaded using link preload but not used within a few seconds from the window's load event. Please make sure it has an appropriate `as` value and it is preloaded intentionally. @ http://localhost:3000/#contact:0
[ 1197004ms] [WARNING] The resource http://localhost:3000/_next/static/chunks/src_components_calendly_CalendlyInlineEmbed_tsx_0bp3s9u._.js was preloaded using link preload but not used within a few seconds from the window's load event. Please make sure it has an appropriate `as` value and it is preloaded intentionally. @ http://localhost:3000/#contact:0
[ 1202576ms] [WARNING] The resource http://localhost:3000/_next/static/chunks/src_components_calendly_CalendlyInlineEmbed_tsx_0bp3s9u._.js was preloaded using link preload but not used within a few seconds from the window's load event. Please make sure it has an appropriate `as` value and it is preloaded intentionally. @ http://localhost:3000/#contact:0
[ 1208975ms] [WARNING] The resource http://localhost:3000/_next/static/chunks/src_components_calendly_CalendlyInlineEmbed_tsx_0bp3s9u._.js was preloaded using link preload but not used within a few seconds from the window's load event. Please make sure it has an appropriate `as` value and it is preloaded intentionally. @ http://localhost:3000/#contact:0
[ 1213706ms] [WARNING] The resource http://localhost:3000/_next/static/chunks/src_components_calendly_CalendlyInlineEmbed_tsx_0bp3s9u._.js was preloaded using link preload but not used within a few seconds from the window's load event. Please make sure it has an appropriate `as` value and it is preloaded intentionally. @ http://localhost:3000/#contact:0
[ 1214436ms] [LOG] [Fast Refresh] rebuilding @ http://localhost:3000/_next/static/chunks/node_modules_next_dist_0nzbwyu._.js:1074
[ 1219855ms] [WARNING] The resource http://localhost:3000/_next/static/chunks/src_components_calendly_CalendlyInlineEmbed_tsx_0bp3s9u._.js was preloaded using link preload but not used within a few seconds from the window's load event. Please make sure it has an appropriate `as` value and it is preloaded intentionally. @ http://localhost:3000/#contact:0
[ 1225620ms] [WARNING] The resource http://localhost:3000/_next/static/chunks/src_components_calendly_CalendlyInlineEmbed_tsx_0bp3s9u._.js was preloaded using link preload but not used within a few seconds from the window's load event. Please make sure it has an appropriate `as` value and it is preloaded intentionally. @ http://localhost:3000/#contact:0
